PS C:\Users\itata> mkdir git_challenge


    Directory: C:\Users\itata


Mode                 LastWriteTime         Length Name
----                 -------------         ------ ----
d-----        2024/11/07     14:11                git_challenge


PS C:\Users\itata> cd git_challenge

PS C:\Users\itata\git_challenge> git init
Initialized empty Git repository in C:/Users/itata/git_challenge/.git/

PS C:\Users\itata\git_challenge> echo "Hello,World!">> hello_world.txt

PS C:\Users\itata\git_challenge> git add hello_world.txt

PS C:\Users\itata\git_challenge> git commit -m "hello_world.txtを追加"
[main (root-commit) 2218bfc] hello_world.txtを追加
 1 file changed, 0 insertions(+), 0 deletions(-)
 create mode 100644 hello_world.txt

PS C:\Users\itata\git_challenge> git add hello_world.txt

PS C:\Users\itata\git_challenge> git commit -m "日本語訳を追加"
[main 85897e3] 日本語訳を追加
 1 file changed, 0 insertions(+), 0 deletions(-)

PS C:\Users\itata\git_challenge> git log --oneline
85897e3 (HEAD -> main) 日本語訳を追加
2218bfc hello_world.txtを追加